// Jest Snapshot v1, https://goo.gl/fbAQLP

exports[`app component renders the app 1`] = `
<Fragment>
  <h1>
    FUTURAMA TOP QUOTES
  </h1>
  <TopQuotes
    count={15}
  />
</Fragment>
`;
